
10 for i = 0 to 224
20 read b
30 poke 49152+i, b
40 next i
50 sys 49152

100 data 169,28,141,5,212,169,4,141,6,212,169,15,141,24,212,169
110 data 109,141,0,212,169,137,141,1,212,169,33,141,4,212,24,169
120 data 60,101,162,197,162,208,252,169,32,141,4,212,169,250,141,0
130 data 212,169,205,141,1,212,169,33,141,4,212,24,169,60,101,162
140 data 197,162,208,252,169,32,141,4,212,169,109,141,0,212,169,137
150 data 141,1,212,169,33,141,4,212,24,169,60,101,162,197,162,208
160 data 252,169,32,141,4,212,96,173,134,2,133,2,169,1,141,0
170 data 204,169,0,141,1,204,169,1,141,2,204,169,0,141,3,204
180 data 173,0,204,141,4,204,173,1,204,141,5,204,173,2,204,24
190 data 109,4,204,141,4,204,173,3,204,109,5,204,141,5,204,173
200 data 4,204,141,0,204,173,5,204,141,1,204,169,1,141,6,204
210 data 169,0,141,7,204,173,0,204,141,8,204,173,1,204,141,9
220 data 204,173,8,204,56,237,6,204,141,8,204,173,9,204,237,7
230 data 204,141,9,204,173,8,204,141,0,204,173,9,204,141,1,204
240 data 96
