
10 for i = 0 to 165
20 read b
30 poke 49152+i, b
40 next i
50 sys 49152

100 data 173,134,2,133,2,169,147,32,210,255,169,0,141,33,208,169
110 data 147,32,210,255,169,2,141,33,208,169,147,32,210,255,169,3
120 data 141,33,208,169,147,32,210,255,169,4,141,33,208,169,147,32
130 data 210,255,169,5,141,33,208,169,147,32,210,255,169,6,141,33
140 data 208,169,147,32,210,255,169,7,141,33,208,169,147,32,210,255
150 data 169,8,141,33,208,169,147,32,210,255,169,9,141,33,208,169
160 data 147,32,210,255,169,10,141,33,208,169,147,32,210,255,169,11
170 data 141,33,208,169,147,32,210,255,169,12,141,33,208,169,147,32
180 data 210,255,169,13,141,33,208,169,147,32,210,255,169,15,141,33
190 data 208,169,147,32,210,255,169,14,141,33,208,169,147,32,210,255
200 data 169,1,141,33,208,96
