
10 for i = 0 to 10
20 read b
30 poke 49152+i, b
40 next i
50 sys 49152

100 data 173,134,2,133,2,169,147,32,210,255,96
