Syntax Error on line 2: Unimplemented token: music

Partial Program output:173 134 2 133 2 
