
10 for i = 0 to 90
20 read b
30 poke 49152+i, b
40 next i
50 sys 49152

100 data 173,134,2,133,2,169,1,133,2,169,1,141,0,204,169,0
110 data 141,1,204,169,1,141,2,204,169,0,141,3,204,169,0,133
120 data 252,169,4,133,253,169,0,133,254,169,216,133,255,172,2,204
130 data 240,16,169,40,24,101,252,133,252,169,0,101,253,133,253,169
140 data 40,24,101,254,133,254,169,0,101,255,133,255,136,208,227,169
150 data 81,172,0,204,145,252,165,2,145,254,96
